#! /c/Source/iverilog-install/bin/vvp
:ivl_version "12.0 (devel)" "(s20150603-1539-g2693dd32b)";
:ivl_delay_selection "TYPICAL";
:vpi_time_precision + 0;
:vpi_module "C:\iverilog\lib\ivl\system.vpi";
:vpi_module "C:\iverilog\lib\ivl\vhdl_sys.vpi";
:vpi_module "C:\iverilog\lib\ivl\vhdl_textio.vpi";
:vpi_module "C:\iverilog\lib\ivl\v2005_math.vpi";
:vpi_module "C:\iverilog\lib\ivl\va_math.vpi";
S_0000023f59cca420 .scope module, "decoder3e" "decoder3e" 2 29;
 .timescale 0 0;
    .port_info 0 /INPUT 3 "n";
    .port_info 1 /INPUT 1 "ena";
    .port_info 2 /OUTPUT 8 "e";
v0000023f59cc6480_0 .var "e", 7 0;
o0000023f59ccc008 .functor BUFZ 1, C4<z>; HiZ drive
v0000023f59cc6520_0 .net "ena", 0 0, o0000023f59ccc008;  0 drivers
o0000023f59ccc038 .functor BUFZ 3, C4<zzz>; HiZ drive
v0000023f59cc51f0_0 .net "n", 2 0, o0000023f59ccc038;  0 drivers
E_0000023f59cc56a0 .event anyedge, v0000023f59cc51f0_0, v0000023f59cc6520_0;
S_0000023f59cca5b0 .scope module, "mux2x32" "mux2x32" 2 1;
 .timescale 0 0;
    .port_info 0 /INPUT 32 "a0";
    .port_info 1 /INPUT 32 "a1";
    .port_info 2 /INPUT 1 "s";
    .port_info 3 /OUTPUT 22 "y";
v0000023f59cc5290_0 .net *"_ivl_0", 31 0, L_0000023f59d17840;  1 drivers
o0000023f59ccc128 .functor BUFZ 32, C4<zzzzzzzzzzzzzzzzzzzzzzzzzzzzzzzz>; HiZ drive
v0000023f59cc5330_0 .net "a0", 31 0, o0000023f59ccc128;  0 drivers
o0000023f59ccc158 .functor BUFZ 32, C4<zzzzzzzzzzzzzzzzzzzzzzzzzzzzzzzz>; HiZ drive
v0000023f59cc53d0_0 .net "a1", 31 0, o0000023f59ccc158;  0 drivers
o0000023f59ccc188 .functor BUFZ 1, C4<z>; HiZ drive
v0000023f59dfe7d0_0 .net "s", 0 0, o0000023f59ccc188;  0 drivers
v0000023f59dfe870_0 .net "y", 21 0, L_0000023f59d17020;  1 drivers
L_0000023f59d17840 .functor MUXZ 32, o0000023f59ccc128, o0000023f59ccc158, o0000023f59ccc188, C4<>;
L_0000023f59d17020 .part L_0000023f59d17840, 0, 22;
S_0000023f59cc6160 .scope module, "mux4x32" "mux4x32" 2 10;
 .timescale 0 0;
    .port_info 0 /INPUT 32 "a0";
    .port_info 1 /INPUT 32 "a1";
    .port_info 2 /INPUT 32 "a2";
    .port_info 3 /INPUT 32 "a3";
    .port_info 4 /INPUT 2 "s";
    .port_info 5 /OUTPUT 32 "y";
o0000023f59ccc3c8 .functor BUFZ 32, C4<zzzzzzzzzzzzzzzzzzzzzzzzzzzzzzzz>; HiZ drive
v0000023f59d17520_0 .net "a0", 31 0, o0000023f59ccc3c8;  0 drivers
o0000023f59ccc3f8 .functor BUFZ 32, C4<zzzzzzzzzzzzzzzzzzzzzzzzzzzzzzzz>; HiZ drive
v0000023f59d175c0_0 .net "a1", 31 0, o0000023f59ccc3f8;  0 drivers
o0000023f59ccc428 .functor BUFZ 32, C4<zzzzzzzzzzzzzzzzzzzzzzzzzzzzzzzz>; HiZ drive
v0000023f59d16bc0_0 .net "a2", 31 0, o0000023f59ccc428;  0 drivers
o0000023f59ccc458 .functor BUFZ 32, C4<zzzzzzzzzzzzzzzzzzzzzzzzzzzzzzzz>; HiZ drive
v0000023f59d17660_0 .net "a3", 31 0, o0000023f59ccc458;  0 drivers
o0000023f59ccc488 .functor BUFZ 2, C4<zz>; HiZ drive
v0000023f59d17700_0 .net "s", 1 0, o0000023f59ccc488;  0 drivers
v0000023f59d173e0_0 .net "y", 31 0, L_0000023f59d170c0;  1 drivers
L_0000023f59d170c0 .ufunc/vec4 TD_mux4x32.select, 32, o0000023f59ccc3c8, o0000023f59ccc3f8, o0000023f59ccc428, o0000023f59ccc458, o0000023f59ccc488 (v0000023f59dfeaa0_0, v0000023f59dfeb40_0, v0000023f59d16850_0, v0000023f59d172a0_0, v0000023f59d17480_0) S_0000023f59dfe910;
S_0000023f59dfe910 .scope function.vec4.s32, "select" "select" 2 16, 2 16 0, S_0000023f59cc6160;
 .timescale 0 0;
v0000023f59dfeaa0_0 .var "a0", 31 0;
v0000023f59dfeb40_0 .var "a1", 31 0;
v0000023f59d16850_0 .var "a2", 31 0;
v0000023f59d172a0_0 .var "a3", 31 0;
v0000023f59d17480_0 .var "s", 1 0;
; Variable select is vec4 return value of scope S_0000023f59dfe910
TD_mux4x32.select ;
    %load/vec4 v0000023f59d17480_0;
    %dup/vec4;
    %pushi/vec4 0, 0, 2;
    %cmp/u;
    %jmp/1 T_0.0, 6;
    %dup/vec4;
    %pushi/vec4 1, 0, 2;
    %cmp/u;
    %jmp/1 T_0.1, 6;
    %dup/vec4;
    %pushi/vec4 2, 0, 2;
    %cmp/u;
    %jmp/1 T_0.2, 6;
    %dup/vec4;
    %pushi/vec4 3, 0, 2;
    %cmp/u;
    %jmp/1 T_0.3, 6;
    %jmp T_0.4;
T_0.0 ;
    %load/vec4 v0000023f59dfeaa0_0;
    %ret/vec4 0, 0, 32;  Assign to select (store_vec4_to_lval)
    %jmp T_0.4;
T_0.1 ;
    %load/vec4 v0000023f59dfeb40_0;
    %ret/vec4 0, 0, 32;  Assign to select (store_vec4_to_lval)
    %jmp T_0.4;
T_0.2 ;
    %load/vec4 v0000023f59d16850_0;
    %ret/vec4 0, 0, 32;  Assign to select (store_vec4_to_lval)
    %jmp T_0.4;
T_0.3 ;
    %load/vec4 v0000023f59d172a0_0;
    %ret/vec4 0, 0, 32;  Assign to select (store_vec4_to_lval)
    %jmp T_0.4;
T_0.4 ;
    %pop/vec4 1;
    %end;
S_0000023f59cc62f0 .scope module, "shift" "shift" 2 43;
 .timescale 0 0;
    .port_info 0 /INPUT 32 "d";
    .port_info 1 /INPUT 5 "sa";
    .port_info 2 /INPUT 1 "right";
    .port_info 3 /INPUT 1 "arith";
    .port_info 4 /OUTPUT 32 "sh";
o0000023f59ccc608 .functor BUFZ 1, C4<z>; HiZ drive
v0000023f59d16ee0_0 .net "arith", 0 0, o0000023f59ccc608;  0 drivers
o0000023f59ccc638 .functor BUFZ 32, C4<zzzzzzzzzzzzzzzzzzzzzzzzzzzzzzzz>; HiZ drive
v0000023f59d16b20_0 .net "d", 31 0, o0000023f59ccc638;  0 drivers
o0000023f59ccc668 .functor BUFZ 1, C4<z>; HiZ drive
v0000023f59d177a0_0 .net "right", 0 0, o0000023f59ccc668;  0 drivers
o0000023f59ccc698 .functor BUFZ 5, C4<zzzzz>; HiZ drive
v0000023f59d16c60_0 .net "sa", 4 0, o0000023f59ccc698;  0 drivers
v0000023f59d16d00_0 .var "sh", 31 0;
E_0000023f59cc59e0 .event anyedge, v0000023f59d177a0_0, v0000023f59d16b20_0, v0000023f59d16c60_0, v0000023f59d16ee0_0;
    .scope S_0000023f59cca420;
T_1 ;
    %wait E_0000023f59cc56a0;
    %pushi/vec4 0, 0, 8;
    %store/vec4 v0000023f59cc6480_0, 0, 8;
    %load/vec4 v0000023f59cc6520_0;
    %ix/getv 4, v0000023f59cc51f0_0;
    %store/vec4 v0000023f59cc6480_0, 4, 1;
    %jmp T_1;
    .thread T_1, $push;
    .scope S_0000023f59cc62f0;
T_2 ;
    %wait E_0000023f59cc59e0;
    %load/vec4 v0000023f59d177a0_0;
    %nor/r;
    %flag_set/vec4 8;
    %jmp/0xz  T_2.0, 8;
    %load/vec4 v0000023f59d16b20_0;
    %ix/getv 4, v0000023f59d16c60_0;
    %shiftl 4;
    %store/vec4 v0000023f59d16d00_0, 0, 32;
    %jmp T_2.1;
T_2.0 ;
    %load/vec4 v0000023f59d16ee0_0;
    %nor/r;
    %flag_set/vec4 8;
    %jmp/0xz  T_2.2, 8;
    %load/vec4 v0000023f59d16b20_0;
    %ix/getv 4, v0000023f59d16c60_0;
    %shiftr 4;
    %store/vec4 v0000023f59d16d00_0, 0, 32;
    %jmp T_2.3;
T_2.2 ;
    %load/vec4 v0000023f59d16b20_0;
    %ix/getv 4, v0000023f59d16c60_0;
    %shiftr/s 4;
    %store/vec4 v0000023f59d16d00_0, 0, 32;
T_2.3 ;
T_2.1 ;
    %jmp T_2;
    .thread T_2, $push;
# The file index is used to find the file name in the following table.
:file_names 3;
    "N/A";
    "<interactive>";
    ".\rtllevel.v";
